2026-03-24 21:51:39,925 - DEBUG -   Chunk 1 inserted for begin_inventory.csv
2026-03-24 21:51:40,406 - DEBUG -   Chunk 2 inserted for begin_inventory.csv
2026-03-24 21:51:40,874 - DEBUG -   Chunk 3 inserted for begin_inventory.csv
2026-03-24 21:51:41,322 - DEBUG -   Chunk 4 inserted for begin_inventory.csv
2026-03-24 21:51:41,395 - DEBUG -   Chunk 5 inserted for begin_inventory.csv
2026-03-24 21:51:41,396 - INFO - Successfully ingested begin_inventory.csv
2026-03-24 21:51:41,903 - DEBUG -   Chunk 1 inserted for end_inventory.csv
2026-03-24 21:51:42,372 - DEBUG -   Chunk 2 inserted for end_inventory.csv
2026-03-24 21:51:42,903 - DEBUG -   Chunk 3 inserted for end_inventory.csv
2026-03-24 21:51:43,367 - DEBUG -   Chunk 4 inserted for end_inventory.csv
2026-03-24 21:51:43,620 - DEBUG -   Chunk 5 inserted for end_inventory.csv
2026-03-24 21:51:43,622 - INFO - Successfully ingested end_inventory.csv
2026-03-24 21:51:44,479 - DEBUG -   Chunk 1 inserted for purchases.csv
2026-03-24 21:51:45,212 - DEBUG -   Chunk 2 inserted for purchases.csv
2026-03-24 21:51:46,008 - DEBUG -   Chunk 3 inserted for purchases.csv
2026-03-24 21:51:46,730 - DEBUG -   Chunk 4 inserted for purchases.csv
2026-03-24 21:51:47,535 - DEBUG -   Chunk 5 inserted for purchases.csv
2026-03-24 21:51:48,282 - DEBUG -   Chunk 6 inserted for purchases.csv
2026-03-24 21:51:49,053 - DEBUG -   Chunk 7 inserted for purchases.csv
2026-03-24 21:51:49,855 - DEBUG -   Chunk 8 inserted for purchases.csv
2026-03-24 21:51:50,647 - DEBUG -   Chunk 9 inserted for purchases.csv
2026-03-24 21:51:51,363 - DEBUG -   Chunk 10 inserted for purchases.csv
2026-03-24 21:51:52,237 - DEBUG -   Chunk 11 inserted for purchases.csv
2026-03-24 21:51:52,951 - DEBUG -   Chunk 12 inserted for purchases.csv
2026-03-24 21:51:53,755 - DEBUG -   Chunk 13 inserted for purchases.csv
2026-03-24 21:51:54,529 - DEBUG -   Chunk 14 inserted for purchases.csv
2026-03-24 21:51:55,447 - DEBUG -   Chunk 15 inserted for purchases.csv
2026-03-24 21:51:56,205 - DEBUG -   Chunk 16 inserted for purchases.csv
2026-03-24 21:51:57,087 - DEBUG -   Chunk 17 inserted for purchases.csv
2026-03-24 21:51:57,847 - DEBUG -   Chunk 18 inserted for purchases.csv
2026-03-24 21:51:58,703 - DEBUG -   Chunk 19 inserted for purchases.csv
2026-03-24 21:51:59,551 - DEBUG -   Chunk 20 inserted for purchases.csv
2026-03-24 21:52:00,403 - DEBUG -   Chunk 21 inserted for purchases.csv
2026-03-24 21:52:01,170 - DEBUG -   Chunk 22 inserted for purchases.csv
2026-03-24 21:52:02,059 - DEBUG -   Chunk 23 inserted for purchases.csv
2026-03-24 21:52:02,832 - DEBUG -   Chunk 24 inserted for purchases.csv
2026-03-24 21:52:03,628 - DEBUG -   Chunk 25 inserted for purchases.csv
2026-03-24 21:52:04,380 - DEBUG -   Chunk 26 inserted for purchases.csv
2026-03-24 21:52:05,189 - DEBUG -   Chunk 27 inserted for purchases.csv
2026-03-24 21:52:05,932 - DEBUG -   Chunk 28 inserted for purchases.csv
2026-03-24 21:52:06,759 - DEBUG -   Chunk 29 inserted for purchases.csv
2026-03-24 21:52:07,593 - DEBUG -   Chunk 30 inserted for purchases.csv
2026-03-24 21:52:08,373 - DEBUG -   Chunk 31 inserted for purchases.csv
2026-03-24 21:52:09,222 - DEBUG -   Chunk 32 inserted for purchases.csv
2026-03-24 21:52:10,053 - DEBUG -   Chunk 33 inserted for purchases.csv
2026-03-24 21:52:10,865 - DEBUG -   Chunk 34 inserted for purchases.csv
2026-03-24 21:52:11,777 - DEBUG -   Chunk 35 inserted for purchases.csv
2026-03-24 21:52:12,887 - DEBUG -   Chunk 36 inserted for purchases.csv
2026-03-24 21:52:14,512 - DEBUG -   Chunk 37 inserted for purchases.csv
2026-03-24 21:52:16,000 - DEBUG -   Chunk 38 inserted for purchases.csv
2026-03-24 21:52:17,808 - DEBUG -   Chunk 39 inserted for purchases.csv
2026-03-24 21:52:19,258 - DEBUG -   Chunk 40 inserted for purchases.csv
2026-03-24 21:52:20,874 - DEBUG -   Chunk 41 inserted for purchases.csv
2026-03-24 21:52:22,390 - DEBUG -   Chunk 42 inserted for purchases.csv
2026-03-24 21:52:24,019 - DEBUG -   Chunk 43 inserted for purchases.csv
2026-03-24 21:52:25,630 - DEBUG -   Chunk 44 inserted for purchases.csv
2026-03-24 21:52:27,695 - DEBUG -   Chunk 45 inserted for purchases.csv
2026-03-24 21:52:29,182 - DEBUG -   Chunk 46 inserted for purchases.csv
2026-03-24 21:52:30,822 - DEBUG -   Chunk 47 inserted for purchases.csv
2026-03-24 21:52:31,629 - DEBUG -   Chunk 48 inserted for purchases.csv
2026-03-24 21:52:31,630 - INFO - Successfully ingested purchases.csv
2026-03-24 21:52:31,940 - DEBUG -   Chunk 1 inserted for purchase_prices.csv
2026-03-24 21:52:31,941 - INFO - Successfully ingested purchase_prices.csv
2026-03-24 21:52:33,507 - DEBUG -   Chunk 1 inserted for sales.csv
2026-03-24 21:52:35,006 - DEBUG -   Chunk 2 inserted for sales.csv
2026-03-24 21:52:36,552 - DEBUG -   Chunk 3 inserted for sales.csv
2026-03-24 21:52:38,039 - DEBUG -   Chunk 4 inserted for sales.csv
2026-03-24 21:52:39,657 - DEBUG -   Chunk 5 inserted for sales.csv
2026-03-24 21:52:41,061 - DEBUG -   Chunk 6 inserted for sales.csv
2026-03-24 21:52:42,599 - DEBUG -   Chunk 7 inserted for sales.csv
2026-03-24 21:52:44,189 - DEBUG -   Chunk 8 inserted for sales.csv
2026-03-24 21:52:45,718 - DEBUG -   Chunk 9 inserted for sales.csv
2026-03-24 21:52:47,206 - DEBUG -   Chunk 10 inserted for sales.csv
2026-03-24 21:52:48,735 - DEBUG -   Chunk 11 inserted for sales.csv
2026-03-24 21:52:50,165 - DEBUG -   Chunk 12 inserted for sales.csv
2026-03-24 21:52:51,697 - DEBUG -   Chunk 13 inserted for sales.csv
2026-03-24 21:52:53,163 - DEBUG -   Chunk 14 inserted for sales.csv
2026-03-24 21:52:54,703 - DEBUG -   Chunk 15 inserted for sales.csv
2026-03-24 21:52:56,136 - DEBUG -   Chunk 16 inserted for sales.csv
2026-03-24 21:52:57,613 - DEBUG -   Chunk 17 inserted for sales.csv
2026-03-24 21:52:59,071 - DEBUG -   Chunk 18 inserted for sales.csv
2026-03-24 21:53:00,325 - DEBUG -   Chunk 19 inserted for sales.csv
2026-03-24 21:53:01,035 - DEBUG -   Chunk 20 inserted for sales.csv
2026-03-24 21:53:01,722 - DEBUG -   Chunk 21 inserted for sales.csv
2026-03-24 21:53:02,419 - DEBUG -   Chunk 22 inserted for sales.csv
2026-03-24 21:53:03,214 - DEBUG -   Chunk 23 inserted for sales.csv
2026-03-24 21:53:03,882 - DEBUG -   Chunk 24 inserted for sales.csv
2026-03-24 21:53:04,549 - DEBUG -   Chunk 25 inserted for sales.csv
2026-03-24 21:53:05,166 - DEBUG -   Chunk 26 inserted for sales.csv
2026-03-24 21:53:05,841 - DEBUG -   Chunk 27 inserted for sales.csv
2026-03-24 21:53:06,521 - DEBUG -   Chunk 28 inserted for sales.csv
2026-03-24 21:53:07,244 - DEBUG -   Chunk 29 inserted for sales.csv
2026-03-24 21:53:07,914 - DEBUG -   Chunk 30 inserted for sales.csv
2026-03-24 21:53:08,624 - DEBUG -   Chunk 31 inserted for sales.csv
2026-03-24 21:53:09,278 - DEBUG -   Chunk 32 inserted for sales.csv
2026-03-24 21:53:09,977 - DEBUG -   Chunk 33 inserted for sales.csv
2026-03-24 21:53:10,650 - DEBUG -   Chunk 34 inserted for sales.csv
2026-03-24 21:53:11,382 - DEBUG -   Chunk 35 inserted for sales.csv
2026-03-24 21:53:12,028 - DEBUG -   Chunk 36 inserted for sales.csv
2026-03-24 21:53:12,759 - DEBUG -   Chunk 37 inserted for sales.csv
2026-03-24 21:53:13,443 - DEBUG -   Chunk 38 inserted for sales.csv
2026-03-24 21:53:14,160 - DEBUG -   Chunk 39 inserted for sales.csv
2026-03-24 21:53:14,842 - DEBUG -   Chunk 40 inserted for sales.csv
2026-03-24 21:53:15,546 - DEBUG -   Chunk 41 inserted for sales.csv
2026-03-24 21:53:16,184 - DEBUG -   Chunk 42 inserted for sales.csv
2026-03-24 21:53:16,907 - DEBUG -   Chunk 43 inserted for sales.csv
2026-03-24 21:53:17,570 - DEBUG -   Chunk 44 inserted for sales.csv
2026-03-24 21:53:18,288 - DEBUG -   Chunk 45 inserted for sales.csv
2026-03-24 21:53:18,932 - DEBUG -   Chunk 46 inserted for sales.csv
2026-03-24 21:53:19,637 - DEBUG -   Chunk 47 inserted for sales.csv
2026-03-24 21:53:20,323 - DEBUG -   Chunk 48 inserted for sales.csv
2026-03-24 21:53:21,029 - DEBUG -   Chunk 49 inserted for sales.csv
2026-03-24 21:53:21,711 - DEBUG -   Chunk 50 inserted for sales.csv
2026-03-24 21:53:22,413 - DEBUG -   Chunk 51 inserted for sales.csv
2026-03-24 21:53:23,038 - DEBUG -   Chunk 52 inserted for sales.csv
2026-03-24 21:53:23,776 - DEBUG -   Chunk 53 inserted for sales.csv
2026-03-24 21:53:24,489 - DEBUG -   Chunk 54 inserted for sales.csv
2026-03-24 21:53:25,219 - DEBUG -   Chunk 55 inserted for sales.csv
2026-03-24 21:53:25,975 - DEBUG -   Chunk 56 inserted for sales.csv
2026-03-24 21:53:26,726 - DEBUG -   Chunk 57 inserted for sales.csv
2026-03-24 21:53:27,501 - DEBUG -   Chunk 58 inserted for sales.csv
2026-03-24 21:53:28,316 - DEBUG -   Chunk 59 inserted for sales.csv
2026-03-24 21:53:29,043 - DEBUG -   Chunk 60 inserted for sales.csv
2026-03-24 21:53:29,759 - DEBUG -   Chunk 61 inserted for sales.csv
2026-03-24 21:53:30,493 - DEBUG -   Chunk 62 inserted for sales.csv
2026-03-24 21:53:31,278 - DEBUG -   Chunk 63 inserted for sales.csv
2026-03-24 21:53:31,976 - DEBUG -   Chunk 64 inserted for sales.csv
2026-03-24 21:53:32,678 - DEBUG -   Chunk 65 inserted for sales.csv
2026-03-24 21:53:33,396 - DEBUG -   Chunk 66 inserted for sales.csv
2026-03-24 21:53:34,178 - DEBUG -   Chunk 67 inserted for sales.csv
2026-03-24 21:53:34,904 - DEBUG -   Chunk 68 inserted for sales.csv
2026-03-24 21:53:35,713 - DEBUG -   Chunk 69 inserted for sales.csv
2026-03-24 21:53:36,417 - DEBUG -   Chunk 70 inserted for sales.csv
2026-03-24 21:53:37,113 - DEBUG -   Chunk 71 inserted for sales.csv
2026-03-24 21:53:37,821 - DEBUG -   Chunk 72 inserted for sales.csv
2026-03-24 21:53:38,569 - DEBUG -   Chunk 73 inserted for sales.csv
2026-03-24 21:53:39,257 - DEBUG -   Chunk 74 inserted for sales.csv
2026-03-24 21:53:40,030 - DEBUG -   Chunk 75 inserted for sales.csv
2026-03-24 21:53:40,975 - DEBUG -   Chunk 76 inserted for sales.csv
2026-03-24 21:53:42,578 - DEBUG -   Chunk 77 inserted for sales.csv
2026-03-24 21:53:44,080 - DEBUG -   Chunk 78 inserted for sales.csv
2026-03-24 21:53:46,032 - DEBUG -   Chunk 79 inserted for sales.csv
2026-03-24 21:53:47,820 - DEBUG -   Chunk 80 inserted for sales.csv
2026-03-24 21:53:49,693 - DEBUG -   Chunk 81 inserted for sales.csv
2026-03-24 21:53:51,507 - DEBUG -   Chunk 82 inserted for sales.csv
2026-03-24 21:53:53,357 - DEBUG -   Chunk 83 inserted for sales.csv
2026-03-24 21:53:55,233 - DEBUG -   Chunk 84 inserted for sales.csv
2026-03-24 21:53:57,449 - DEBUG -   Chunk 85 inserted for sales.csv
2026-03-24 21:53:59,176 - DEBUG -   Chunk 86 inserted for sales.csv
2026-03-24 21:54:00,714 - DEBUG -   Chunk 87 inserted for sales.csv
2026-03-24 21:54:02,143 - DEBUG -   Chunk 88 inserted for sales.csv
2026-03-24 21:54:03,722 - DEBUG -   Chunk 89 inserted for sales.csv
2026-03-24 21:54:05,188 - DEBUG -   Chunk 90 inserted for sales.csv
2026-03-24 21:54:06,737 - DEBUG -   Chunk 91 inserted for sales.csv
2026-03-24 21:54:08,310 - DEBUG -   Chunk 92 inserted for sales.csv
2026-03-24 21:54:09,841 - DEBUG -   Chunk 93 inserted for sales.csv
2026-03-24 21:54:11,322 - DEBUG -   Chunk 94 inserted for sales.csv
2026-03-24 21:54:12,860 - DEBUG -   Chunk 95 inserted for sales.csv
2026-03-24 21:54:14,331 - DEBUG -   Chunk 96 inserted for sales.csv
2026-03-24 21:54:15,856 - DEBUG -   Chunk 97 inserted for sales.csv
2026-03-24 21:54:17,311 - DEBUG -   Chunk 98 inserted for sales.csv
2026-03-24 21:54:18,894 - DEBUG -   Chunk 99 inserted for sales.csv
2026-03-24 21:54:20,361 - DEBUG -   Chunk 100 inserted for sales.csv
2026-03-24 21:54:21,866 - DEBUG -   Chunk 101 inserted for sales.csv
2026-03-24 21:54:23,326 - DEBUG -   Chunk 102 inserted for sales.csv
2026-03-24 21:54:24,887 - DEBUG -   Chunk 103 inserted for sales.csv
2026-03-24 21:54:26,392 - DEBUG -   Chunk 104 inserted for sales.csv
2026-03-24 21:54:27,936 - DEBUG -   Chunk 105 inserted for sales.csv
2026-03-24 21:54:29,450 - DEBUG -   Chunk 106 inserted for sales.csv
2026-03-24 21:54:31,044 - DEBUG -   Chunk 107 inserted for sales.csv
2026-03-24 21:54:32,510 - DEBUG -   Chunk 108 inserted for sales.csv
2026-03-24 21:54:34,039 - DEBUG -   Chunk 109 inserted for sales.csv
2026-03-24 21:54:35,517 - DEBUG -   Chunk 110 inserted for sales.csv
2026-03-24 21:54:37,084 - DEBUG -   Chunk 111 inserted for sales.csv
2026-03-24 21:54:38,567 - DEBUG -   Chunk 112 inserted for sales.csv
2026-03-24 21:54:40,154 - DEBUG -   Chunk 113 inserted for sales.csv
2026-03-24 21:54:41,612 - DEBUG -   Chunk 114 inserted for sales.csv
2026-03-24 21:54:43,219 - DEBUG -   Chunk 115 inserted for sales.csv
2026-03-24 21:54:44,676 - DEBUG -   Chunk 116 inserted for sales.csv
2026-03-24 21:54:46,266 - DEBUG -   Chunk 117 inserted for sales.csv
2026-03-24 21:54:47,738 - DEBUG -   Chunk 118 inserted for sales.csv
2026-03-24 21:54:49,306 - DEBUG -   Chunk 119 inserted for sales.csv
2026-03-24 21:54:50,752 - DEBUG -   Chunk 120 inserted for sales.csv
2026-03-24 21:54:52,318 - DEBUG -   Chunk 121 inserted for sales.csv
2026-03-24 21:54:53,798 - DEBUG -   Chunk 122 inserted for sales.csv
2026-03-24 21:54:55,342 - DEBUG -   Chunk 123 inserted for sales.csv
2026-03-24 21:54:56,760 - DEBUG -   Chunk 124 inserted for sales.csv
2026-03-24 21:54:58,353 - DEBUG -   Chunk 125 inserted for sales.csv
2026-03-24 21:54:59,845 - DEBUG -   Chunk 126 inserted for sales.csv
2026-03-24 21:55:01,398 - DEBUG -   Chunk 127 inserted for sales.csv
2026-03-24 21:55:02,872 - DEBUG -   Chunk 128 inserted for sales.csv
2026-03-24 21:55:04,442 - DEBUG -   Chunk 129 inserted for sales.csv
2026-03-24 21:55:05,877 - DEBUG -   Chunk 130 inserted for sales.csv
2026-03-24 21:55:07,376 - DEBUG -   Chunk 131 inserted for sales.csv
2026-03-24 21:55:08,818 - DEBUG -   Chunk 132 inserted for sales.csv
2026-03-24 21:55:10,367 - DEBUG -   Chunk 133 inserted for sales.csv
2026-03-24 21:55:11,815 - DEBUG -   Chunk 134 inserted for sales.csv
2026-03-24 21:55:13,349 - DEBUG -   Chunk 135 inserted for sales.csv
2026-03-24 21:55:14,837 - DEBUG -   Chunk 136 inserted for sales.csv
2026-03-24 21:55:16,377 - DEBUG -   Chunk 137 inserted for sales.csv
2026-03-24 21:55:17,792 - DEBUG -   Chunk 138 inserted for sales.csv
2026-03-24 21:55:19,361 - DEBUG -   Chunk 139 inserted for sales.csv
2026-03-24 21:55:20,786 - DEBUG -   Chunk 140 inserted for sales.csv
2026-03-24 21:55:22,312 - DEBUG -   Chunk 141 inserted for sales.csv
2026-03-24 21:55:23,745 - DEBUG -   Chunk 142 inserted for sales.csv
2026-03-24 21:55:25,299 - DEBUG -   Chunk 143 inserted for sales.csv
2026-03-24 21:55:26,724 - DEBUG -   Chunk 144 inserted for sales.csv
2026-03-24 21:55:28,247 - DEBUG -   Chunk 145 inserted for sales.csv
2026-03-24 21:55:29,665 - DEBUG -   Chunk 146 inserted for sales.csv
2026-03-24 21:55:31,205 - DEBUG -   Chunk 147 inserted for sales.csv
2026-03-24 21:55:32,631 - DEBUG -   Chunk 148 inserted for sales.csv
2026-03-24 21:55:34,138 - DEBUG -   Chunk 149 inserted for sales.csv
2026-03-24 21:55:35,554 - DEBUG -   Chunk 150 inserted for sales.csv
2026-03-24 21:55:37,114 - DEBUG -   Chunk 151 inserted for sales.csv
2026-03-24 21:55:38,540 - DEBUG -   Chunk 152 inserted for sales.csv
2026-03-24 21:55:40,053 - DEBUG -   Chunk 153 inserted for sales.csv
2026-03-24 21:55:41,500 - DEBUG -   Chunk 154 inserted for sales.csv
2026-03-24 21:55:43,011 - DEBUG -   Chunk 155 inserted for sales.csv
2026-03-24 21:55:44,408 - DEBUG -   Chunk 156 inserted for sales.csv
2026-03-24 21:55:45,936 - DEBUG -   Chunk 157 inserted for sales.csv
2026-03-24 21:55:47,347 - DEBUG -   Chunk 158 inserted for sales.csv
2026-03-24 21:55:48,865 - DEBUG -   Chunk 159 inserted for sales.csv
2026-03-24 21:55:50,294 - DEBUG -   Chunk 160 inserted for sales.csv
2026-03-24 21:55:51,818 - DEBUG -   Chunk 161 inserted for sales.csv
2026-03-24 21:55:53,221 - DEBUG -   Chunk 162 inserted for sales.csv
2026-03-24 21:55:54,752 - DEBUG -   Chunk 163 inserted for sales.csv
2026-03-24 21:55:56,175 - DEBUG -   Chunk 164 inserted for sales.csv
2026-03-24 21:55:57,715 - DEBUG -   Chunk 165 inserted for sales.csv
2026-03-24 21:55:59,193 - DEBUG -   Chunk 166 inserted for sales.csv
2026-03-24 21:56:00,746 - DEBUG -   Chunk 167 inserted for sales.csv
2026-03-24 21:56:02,236 - DEBUG -   Chunk 168 inserted for sales.csv
2026-03-24 21:56:03,855 - DEBUG -   Chunk 169 inserted for sales.csv
2026-03-24 21:56:05,268 - DEBUG -   Chunk 170 inserted for sales.csv
2026-03-24 21:56:06,824 - DEBUG -   Chunk 171 inserted for sales.csv
2026-03-24 21:56:08,261 - DEBUG -   Chunk 172 inserted for sales.csv
2026-03-24 21:56:09,793 - DEBUG -   Chunk 173 inserted for sales.csv
2026-03-24 21:56:11,275 - DEBUG -   Chunk 174 inserted for sales.csv
2026-03-24 21:56:12,863 - DEBUG -   Chunk 175 inserted for sales.csv
2026-03-24 21:56:14,305 - DEBUG -   Chunk 176 inserted for sales.csv
2026-03-24 21:56:15,858 - DEBUG -   Chunk 177 inserted for sales.csv
2026-03-24 21:56:17,309 - DEBUG -   Chunk 178 inserted for sales.csv
2026-03-24 21:56:18,883 - DEBUG -   Chunk 179 inserted for sales.csv
2026-03-24 21:56:20,345 - DEBUG -   Chunk 180 inserted for sales.csv
2026-03-24 21:56:21,905 - DEBUG -   Chunk 181 inserted for sales.csv
2026-03-24 21:56:23,335 - DEBUG -   Chunk 182 inserted for sales.csv
2026-03-24 21:56:24,914 - DEBUG -   Chunk 183 inserted for sales.csv
2026-03-24 21:56:26,431 - DEBUG -   Chunk 184 inserted for sales.csv
2026-03-24 21:56:28,004 - DEBUG -   Chunk 185 inserted for sales.csv
2026-03-24 21:56:29,472 - DEBUG -   Chunk 186 inserted for sales.csv
2026-03-24 21:56:31,067 - DEBUG -   Chunk 187 inserted for sales.csv
2026-03-24 21:56:32,529 - DEBUG -   Chunk 188 inserted for sales.csv
2026-03-24 21:56:34,074 - DEBUG -   Chunk 189 inserted for sales.csv
2026-03-24 21:56:35,534 - DEBUG -   Chunk 190 inserted for sales.csv
2026-03-24 21:56:37,093 - DEBUG -   Chunk 191 inserted for sales.csv
2026-03-24 21:56:38,572 - DEBUG -   Chunk 192 inserted for sales.csv
2026-03-24 21:56:40,160 - DEBUG -   Chunk 193 inserted for sales.csv
2026-03-24 21:56:41,636 - DEBUG -   Chunk 194 inserted for sales.csv
2026-03-24 21:56:43,206 - DEBUG -   Chunk 195 inserted for sales.csv
2026-03-24 21:56:44,603 - DEBUG -   Chunk 196 inserted for sales.csv
2026-03-24 21:56:46,113 - DEBUG -   Chunk 197 inserted for sales.csv
2026-03-24 21:56:47,561 - DEBUG -   Chunk 198 inserted for sales.csv
2026-03-24 21:56:49,141 - DEBUG -   Chunk 199 inserted for sales.csv
2026-03-24 21:56:50,593 - DEBUG -   Chunk 200 inserted for sales.csv
2026-03-24 21:56:52,177 - DEBUG -   Chunk 201 inserted for sales.csv
2026-03-24 21:56:53,656 - DEBUG -   Chunk 202 inserted for sales.csv
2026-03-24 21:56:55,224 - DEBUG -   Chunk 203 inserted for sales.csv
2026-03-24 21:56:56,660 - DEBUG -   Chunk 204 inserted for sales.csv
2026-03-24 21:56:58,229 - DEBUG -   Chunk 205 inserted for sales.csv
2026-03-24 21:56:59,682 - DEBUG -   Chunk 206 inserted for sales.csv
2026-03-24 21:57:01,241 - DEBUG -   Chunk 207 inserted for sales.csv
2026-03-24 21:57:02,712 - DEBUG -   Chunk 208 inserted for sales.csv
2026-03-24 21:57:04,278 - DEBUG -   Chunk 209 inserted for sales.csv
2026-03-24 21:57:05,716 - DEBUG -   Chunk 210 inserted for sales.csv
2026-03-24 21:57:07,310 - DEBUG -   Chunk 211 inserted for sales.csv
2026-03-24 21:57:08,734 - DEBUG -   Chunk 212 inserted for sales.csv
2026-03-24 21:57:10,262 - DEBUG -   Chunk 213 inserted for sales.csv
2026-03-24 21:57:11,695 - DEBUG -   Chunk 214 inserted for sales.csv
2026-03-24 21:57:13,238 - DEBUG -   Chunk 215 inserted for sales.csv
2026-03-24 21:57:14,694 - DEBUG -   Chunk 216 inserted for sales.csv
2026-03-24 21:57:16,218 - DEBUG -   Chunk 217 inserted for sales.csv
2026-03-24 21:57:17,675 - DEBUG -   Chunk 218 inserted for sales.csv
2026-03-24 21:57:19,176 - DEBUG -   Chunk 219 inserted for sales.csv
2026-03-24 21:57:20,614 - DEBUG -   Chunk 220 inserted for sales.csv
2026-03-24 21:57:22,196 - DEBUG -   Chunk 221 inserted for sales.csv
2026-03-24 21:57:23,632 - DEBUG -   Chunk 222 inserted for sales.csv
2026-03-24 21:57:25,199 - DEBUG -   Chunk 223 inserted for sales.csv
2026-03-24 21:57:26,619 - DEBUG -   Chunk 224 inserted for sales.csv
2026-03-24 21:57:28,189 - DEBUG -   Chunk 225 inserted for sales.csv
2026-03-24 21:57:29,611 - DEBUG -   Chunk 226 inserted for sales.csv
2026-03-24 21:57:31,192 - DEBUG -   Chunk 227 inserted for sales.csv
2026-03-24 21:57:32,590 - DEBUG -   Chunk 228 inserted for sales.csv
2026-03-24 21:57:34,114 - DEBUG -   Chunk 229 inserted for sales.csv
2026-03-24 21:57:35,530 - DEBUG -   Chunk 230 inserted for sales.csv
2026-03-24 21:57:37,084 - DEBUG -   Chunk 231 inserted for sales.csv
2026-03-24 21:57:38,536 - DEBUG -   Chunk 232 inserted for sales.csv
2026-03-24 21:57:40,095 - DEBUG -   Chunk 233 inserted for sales.csv
2026-03-24 21:57:41,491 - DEBUG -   Chunk 234 inserted for sales.csv
2026-03-24 21:57:43,028 - DEBUG -   Chunk 235 inserted for sales.csv
2026-03-24 21:57:44,452 - DEBUG -   Chunk 236 inserted for sales.csv
2026-03-24 21:57:46,048 - DEBUG -   Chunk 237 inserted for sales.csv
2026-03-24 21:57:47,637 - DEBUG -   Chunk 238 inserted for sales.csv
2026-03-24 21:57:49,282 - DEBUG -   Chunk 239 inserted for sales.csv
2026-03-24 21:57:50,849 - DEBUG -   Chunk 240 inserted for sales.csv
2026-03-24 21:57:52,484 - DEBUG -   Chunk 241 inserted for sales.csv
2026-03-24 21:57:54,019 - DEBUG -   Chunk 242 inserted for sales.csv
2026-03-24 21:57:55,661 - DEBUG -   Chunk 243 inserted for sales.csv
2026-03-24 21:57:57,138 - DEBUG -   Chunk 244 inserted for sales.csv
2026-03-24 21:57:58,904 - DEBUG -   Chunk 245 inserted for sales.csv
2026-03-24 21:58:00,530 - DEBUG -   Chunk 246 inserted for sales.csv
2026-03-24 21:58:02,358 - DEBUG -   Chunk 247 inserted for sales.csv
2026-03-24 21:58:03,896 - DEBUG -   Chunk 248 inserted for sales.csv
2026-03-24 21:58:05,509 - DEBUG -   Chunk 249 inserted for sales.csv
2026-03-24 21:58:07,114 - DEBUG -   Chunk 250 inserted for sales.csv
2026-03-24 21:58:09,138 - DEBUG -   Chunk 251 inserted for sales.csv
2026-03-24 21:58:10,740 - DEBUG -   Chunk 252 inserted for sales.csv
2026-03-24 21:58:12,478 - DEBUG -   Chunk 253 inserted for sales.csv
2026-03-24 21:58:14,086 - DEBUG -   Chunk 254 inserted for sales.csv
2026-03-24 21:58:15,823 - DEBUG -   Chunk 255 inserted for sales.csv
2026-03-24 21:58:17,419 - DEBUG -   Chunk 256 inserted for sales.csv
2026-03-24 21:58:18,547 - DEBUG -   Chunk 257 inserted for sales.csv
2026-03-24 21:58:18,548 - INFO - Successfully ingested sales.csv
2026-03-24 21:58:18,717 - DEBUG -   Chunk 1 inserted for vendor_invoice.csv
2026-03-24 21:58:18,718 - INFO - Successfully ingested vendor_invoice.csv
2026-03-24 21:58:18,718 - INFO - ---------------Ingestion Complete---------------
2026-03-24 21:58:18,718 - INFO - Total Time Taken: 6.66 minutes
